Archive member included to satisfy reference by file (symbol)

out/build/app_app.a(rboot-bigflash.o)
                              (Cache_Read_Enable_New)
out/build/app_app.a(overrides.o)
                              (spiffs_get_storage_config)
/opt/Sming/Sming/compiler/lib//libsming.a(crash_handler.o)
                              (custom_crash_callback)
/opt/Sming/Sming/compiler/lib//libsming.a(FakePgmSpace.o)
                              /opt/Sming/Sming/compiler/lib//libsming.a(crash_handler.o) (memcpy_aligned)
/opt/Sming/Sming/compiler/lib//libsming.a(m_printf.o)
                              /opt/Sming/Sming/compiler/lib//libsming.a(FakePgmSpace.o) (m_printf)
/opt/Sming/Sming/compiler/lib//libsming.a(stringconversion.o)
                              /opt/Sming/Sming/compiler/lib//libsming.a(m_printf.o) (ltoa_wp)
/opt/Sming/Sming/compiler/lib//libsming.a(user_main.o)
                              /opt/Sming/Sming/compiler/lib//libsming.a(m_printf.o) (_ZSt25__throw_bad_function_callv)
/opt/Sming/Sming/compiler/lib//libsming.a(System.o)
                              /opt/Sming/Sming/compiler/lib//libsming.a(user_main.o) (_ZN11SystemClass10initializeEv)
/opt/Sming/Sming/compiler/lib//libsming.a(gdbstub.o)
                              /opt/Sming/Sming/compiler/lib//libsming.a(user_main.o) (gdbstub_init)
/opt/Sming/Sming/compiler/lib//libsming.a(esp_cplusplus.o)
                              /opt/Sming/Sming/compiler/lib//libsming.a(user_main.o) (cpp_core_initialize)
/opt/Sming/Sming/compiler/lib//libsming.a(uart.o)
                              /opt/Sming/Sming/compiler/lib//libsming.a(user_main.o) (uart_set_baudrate_reg)
/opt/Sming/Sming/compiler/lib//libsming.a(Clock.o)
                              /opt/Sming/Sming/compiler/lib//libsming.a(uart.o) (delay)
/opt/Sming/Sming/compiler/lib//libsming.a(Digital.o)
                              /opt/Sming/Sming/compiler/lib//libsming.a(uart.o) (_Z7pinModeth)
/opt/Sming/Sming/compiler/lib//libsming.a(ESP8266EX.o)
                              /opt/Sming/Sming/compiler/lib//libsming.a(Digital.o) (EspDigitalPins)
/opt/Sming/Sming/compiler/lib//libsming.a(gdbstub-entry.o)
                              /opt/Sming/Sming/compiler/lib//libsming.a(gdbstub.o) (gdbstub_save_extra_sfrs_for_exception)
out/build/libmain2.a(user_interface.o)
                              /opt/Sming/Sming/compiler/lib//libsming.a(uart.o) (system_set_os_print)
out/build/libmain2.a(debug-vector.o)
                              (_DebugExceptionVector)
out/build/libmain2.a(double-vector.o)
                              (_DoubleExceptionVector)
out/build/libmain2.a(kernel-vector.o)
                              (_KernelExceptionVector)
out/build/libmain2.a(nmi-vector.o)
                              (_NMIExceptionVector)
out/build/libmain2.a(user-vector.o)
                              (_UserExceptionVector)
out/build/libmain2.a(vector.o)
                              (call_user_start)
out/build/libmain2.a(app_main.o)
                              out/build/libmain2.a(user_interface.o) (info)
out/build/libmain2.a(eagle_lib.o)
                              out/build/libmain2.a(user_interface.o) (ets_sprintf)
out/build/libmain2.a(eagle_lwip_if.o)
                              out/build/libmain2.a(user_interface.o) (hostname)
out/build/libmain2.a(ets_timer.o)
                              out/build/libmain2.a(user_interface.o) (ets_timer_setfn)
out/build/libmain2.a(mem_manager.o)
                              out/build/libmain2.a(user_interface.o) (xPortWantedSizeAlign)
out/build/libmain2.a(spi_flash.o)
                              out/build/libmain2.a(app_main.o) (spi_flash_get_id)
out/build/app_app.a(application.o)
                              /opt/Sming/Sming/compiler/lib//libsming.a(user_main.o) (_Z4initv)
/opt/Sming/Sming/compiler/lib//libmicroc.a(tolower.o)
                              /opt/Sming/Sming/compiler/lib//libsming.a(FakePgmSpace.o) (tolower)
/opt/Sming/Sming/compiler/lib//libmicroc.a(__fpclassify.o)
                              /opt/Sming/Sming/compiler/lib//libsming.a(stringconversion.o) (__fpclassifyd)
/opt/Sming/Sming/compiler/lib//libmicroc.a(malloc.o)
                              /opt/Sming/Sming/compiler/lib//libsming.a(esp_cplusplus.o) (malloc)
/opt/Sming/Sming/compiler/lib//libmicroc.a(abort.o)
                              /opt/Sming/Sming/compiler/lib//libsming.a(esp_cplusplus.o) (abort)
/opt/Sming/Sming/compiler/lib//libmicrogcc.a(_cmpdf2.o)
                              /opt/Sming/Sming/compiler/lib//libsming.a(stringconversion.o) (__gtdf2)
/opt/Sming/Sming/compiler/lib//libmicrogcc.a(_modsi3.o)
                              /opt/Sming/Sming/compiler/lib//libsming.a(stringconversion.o) (__modsi3)
/opt/esp-open-sdk/xtensa-lx106-elf/bin/../xtensa-lx106-elf/sysroot/usr/lib/libhal.a(int_asm--set_intclear.o)
                              out/build/libmain2.a(app_main.o) (xthal_set_intclear)
/opt/esp-open-sdk/sdk/lib/libphy.a(phy.o)
[...]
Memory Configuration

Name             Origin             Length             Attributes
dport0_0_seg     0x000000003ff00000 0x0000000000000010
dram0_0_seg      0x000000003ffe8000 0x0000000000014000
iram1_0_seg      0x0000000040100000 0x0000000000008000
irom0_0_seg      0x0000000040202010 0x00000000000fdff0
*default*        0x0000000000000000 0xffffffffffffffff

Linker script and memory map

START GROUP
LOAD out/build/app_app.a
LOAD /opt/Sming/Sming/compiler/lib//libmicroc.a
LOAD /opt/Sming/Sming/compiler/lib//libmicrogcc.a
LOAD /opt/esp-open-sdk/xtensa-lx106-elf/bin/../xtensa-lx106-elf/sysroot/usr/lib/libhal.a
LOAD /opt/esp-open-sdk/sdk/lib/libphy.a
LOAD /opt/esp-open-sdk/sdk/lib/libpp.a
LOAD /opt/esp-open-sdk/sdk/lib/libnet80211.a
LOAD /opt/Sming/Sming/compiler/lib//liblwip_open.a
LOAD /opt/Sming/Sming/compiler/lib//libmqttc.a
LOAD /opt/esp-open-sdk/sdk/lib/libwpa.a
LOAD /opt/Sming/Sming/compiler/lib//libsming.a
LOAD out/build/libmain2.a
LOAD /opt/esp-open-sdk/sdk/lib/libcrypto.a
LOAD /opt/Sming/Sming/compiler/lib//libpwm_open.a
LOAD /opt/esp-open-sdk/sdk/lib/libsmartconfig.a
END GROUP
                [!provide]                        PROVIDE (_memmap_vecbase_reset, 0x40000000)
                0x0000000000000110                _memmap_cacheattr_wb_base = 0x110
                0x0000000000000110                _memmap_cacheattr_wt_base = 0x110
                0x0000000000000220                _memmap_cacheattr_bp_base = 0x220
                0x00000000fffff00f                _memmap_cacheattr_unused_mask = 0xfffff00f
                0x000000002222211f                _memmap_cacheattr_wb_trapnull = 0x2222211f
                0x000000002222211f                _memmap_cacheattr_wba_trapnull = 0x2222211f
                0x000000002222211f                _memmap_cacheattr_wbna_trapnull = 0x2222211f
                0x000000002222211f                _memmap_cacheattr_wt_trapnull = 0x2222211f
                0x000000002222222f                _memmap_cacheattr_bp_trapnull = 0x2222222f
                0x00000000fffff11f                _memmap_cacheattr_wb_strict = 0xfffff11f
                0x00000000fffff11f                _memmap_cacheattr_wt_strict = 0xfffff11f
                0x00000000fffff22f                _memmap_cacheattr_bp_strict = 0xfffff22f
                0x0000000022222112                _memmap_cacheattr_wb_allvalid = 0x22222112
                0x0000000022222112                _memmap_cacheattr_wt_allvalid = 0x22222112
                0x0000000022222222                _memmap_cacheattr_bp_allvalid = 0x22222222
                [!provide]                        PROVIDE (_memmap_cacheattr_reset, _memmap_cacheattr_wb_trapnull)

.dport0.rodata  0x000000003ff00000        0x0
                0x000000003ff00000                _dport0_rodata_start = ABSOLUTE (.)
 *(.dport0.rodata)
 *(.dport.rodata)
                0x000000003ff00000                _dport0_rodata_end = ABSOLUTE (.)

.dport0.literal
                0x000000003ff00000        0x0
                0x000000003ff00000                _dport0_literal_start = ABSOLUTE (.)
 *(.dport0.literal)
 *(.dport.literal)
                0x000000003ff00000                _dport0_literal_end = ABSOLUTE (.)

.dport0.data    0x000000003ff00000        0x0
                0x000000003ff00000                _dport0_data_start = ABSOLUTE (.)
 *(.dport0.data)
 *(.dport.data)
                0x000000003ff00000                _dport0_data_end = ABSOLUTE (.)

.data           0x000000003ffe8000      0x379
                0x000000003ffe8000                _data_start = ABSOLUTE (.)
 *(.data)
 .data          0x000000003ffe8000        0x6 out/build/libmain2.a(user_interface.o)
                0x000000003ffe8001                timer2_ms_flag
                0x000000003ffe8002                dhcps_flag
                0x000000003ffe8003                dhcpc_flag
                0x000000003ffe8005                reconnect_internal
 .data          0x000000003ffe8006        0x4 out/build/libmain2.a(nmi-vector.o)
                0x000000003ffe8006                _Pri_3_HandlerAddress
 *fill*         0x000000003ffe800a        0x2 
 .data          0x000000003ffe800c        0x1 out/build/libmain2.a(app_main.o)
 *fill*         0x000000003ffe800d        0x3 
 .data          0x000000003ffe8010        0x1 out/build/libmain2.a(eagle_lwip_if.o)
                0x000000003ffe8010                default_hostname
 *fill*         0x000000003ffe8011        0xf 
 .data          0x000000003ffe8020       0x53 /opt/esp-open-sdk/sdk/lib/libphy.a(phy_chip_v6.o)
                0x000000003ffe8022                tx_rf_ana_gain
                0x000000003ffe8050                rx_gain_swp
                0x000000003ffe8070                test_rffreq_txcap
 *fill*         0x000000003ffe8073        0x1 
 .data          0x000000003ffe8074        0x1 /opt/esp-open-sdk/sdk/lib/libphy.a(phy_chip_v6_cal.o)
                0x000000003ffe8074                rfcal_bb_atten_init
 *fill*         0x000000003ffe8075        0x3 
 .data          0x000000003ffe8078        0x4 /opt/esp-open-sdk/sdk/lib/libphy.a(phy_sleep.o)
                0x000000003ffe8078                chip_version
 .data          0x000000003ffe807c        0x1 /opt/esp-open-sdk/sdk/lib/libpp.a(pm.o)
 *fill*         0x000000003ffe807d        0x3 
 .data          0x000000003ffe8080        0x1 /opt/esp-open-sdk/sdk/lib/libpp.a(pm_for_bcn_only_mode.o)
 *fill*         0x000000003ffe8081        0x3 
 .data          0x000000003ffe8084       0x1c /opt/esp-open-sdk/sdk/lib/libpp.a(pp.o)
                0x000000003ffe8084                soft_wdt_interval
                0x000000003ffe8088                NoiseTimerInterval
                0x000000003ffe8090                sleep_start_wait_time
                0x000000003ffe8098                CanDoFreqCal
                0x000000003ffe809c                tcb
 .data          0x000000003ffe80a0       0x40 /opt/esp-open-sdk/sdk/lib/libpp.a(rate_control.o)
 .data          0x000000003ffe80e0      0x24c /opt/esp-open-sdk/sdk/lib/libpp.a(trc.o)
 .data          0x000000003ffe832c        0x8 /opt/esp-open-sdk/sdk/lib/libpp.a(wdev.o)
 .data          0x000000003ffe8334        0x1 /opt/esp-open-sdk/sdk/lib/libnet80211.a(ieee80211_hostap.o)
                0x000000003ffe8334                TmpSTAAPCloseAP
 *fill*         0x000000003ffe8335        0x3 
 .data          0x000000003ffe8338        0x1 /opt/esp-open-sdk/sdk/lib/libnet80211.a(wl_cnx.o)
 *fill*         0x000000003ffe8339        0x7 
 .data          0x000000003ffe8340       0x1c /opt/esp-open-sdk/sdk/lib/libnet80211.a(ieee80211_action.o)
 *(.data.*)
 .data.rBoot_mmap_2
                0x000000003ffe835c        0x1 out/build/app_app.a(rboot-bigflash.o)
                0x000000003ffe835c                rBoot_mmap_2
 .data.rBoot_mmap_1
                0x000000003ffe835d        0x1 out/build/app_app.a(rboot-bigflash.o)
                0x000000003ffe835d                rBoot_mmap_1
 *fill*         0x000000003ffe835e        0x2 
 .data.xid$3064
                0x000000003ffe8360        0x4 /opt/Sming/Sming/compiler/lib//liblwip_open.a(dhcp.o)
 .data.iss$3152
                0x000000003ffe8364        0x4 /opt/Sming/Sming/compiler/lib//liblwip_open.a(tcp.o)
 .data.port$3011
                0x000000003ffe8368        0x2 /opt/Sming/Sming/compiler/lib//liblwip_open.a(tcp.o)
 *fill*         0x000000003ffe836a        0x2 
 .data.dhcps_lease_time
                0x000000003ffe836c        0x4 /opt/Sming/Sming/compiler/lib//liblwip_open.a(dhcpserver.o)
                0x000000003ffe836c                dhcps_lease_time
 .data.offer    0x000000003ffe8370        0x1 /opt/Sming/Sming/compiler/lib//liblwip_open.a(dhcpserver.o)
 *fill*         0x000000003ffe8371        0x3 
 .data._ZL15default_sda_pin
                0x000000003ffe8374        0x4 /opt/Sming/Sming/compiler/lib//libsming.a(Wire.o)
 .data.twi_dcount
                0x000000003ffe8378        0x1 /opt/Sming/Sming/compiler/lib//libsming.a(core_esp8266_si2c.o)
                0x000000003ffe8378                twi_dcount
 *(.gnu.linkonce.d.*)
 *(.data1)
 *(.sdata)
 *(.sdata.*)
 *(.gnu.linkonce.s.*)
 *(.sdata2)
 *(.sdata2.*)
 *(.gnu.linkonce.s2.*)
 *(.jcr)
                0x000000003ffe8379                _data_end = ABSOLUTE (.)

.irom0.text     0x0000000040202010    0x31f1c
                0x0000000040202010                _irom0_text_start = ABSOLUTE (.)
 *libsmartconfig.a:(.literal .text .literal.* .text.*)
 *libstdc++.a:(.literal .text .literal.* .text.*)
 *liblwip_open.a:(.literal .text .literal.* .text.*)
 .text.tcp_new_port
                0x0000000040202010       0x6b /opt/Sming/Sming/compiler/lib//liblwip_open.a(tcp.o)
                                         0x73 (size before relaxing)
 *fill*         0x000000004020207b        0x1 
 .text.tcp_close_shutdown
                0x000000004020207c      0x191 /opt/Sming/Sming/compiler/lib//liblwip_open.a(tcp.o)
                                        0x1b9 (size before relaxing)
 *fill*         0x000000004020220d        0x3 
 .text.dns_timer
                0x0000000040202210       0x21 /opt/Sming/Sming/compiler/lib//liblwip_open.a(timers.o)
                                         0x2d (size before relaxing)
 *fill*         0x0000000040202231        0x3 
 .text.igmp_timer
                0x0000000040202234       0x21 /opt/Sming/Sming/compiler/lib//liblwip_open.a(timers.o)
                                         0x2d (size before relaxing)
 *fill*         0x0000000040202255        0x3 
 .text.dhcp_timer_fine
                0x0000000040202258       0x21 /opt/Sming/Sming/compiler/lib//liblwip_open.a(timers.o)
                                         0x2d (size before relaxing)
 *fill*         0x0000000040202279        0x3 
 .text.dhcp_timer_coarse
                0x000000004020227c       0x27 /opt/Sming/Sming/compiler/lib//liblwip_open.a(timers.o)
                                         0x3b (size before relaxing)
 *fill*         0x00000000402022a3        0x1 
 .text.tcp_accept_null
                0x00000000402022a4        0x5 /opt/Sming/Sming/compiler/lib//liblwip_open.a(tcp.o)
 *fill*         0x00000000402022a9        0x0 
 *fill*         0x00000000402022a9        0x0 
 *fill*         0x00000000402022a9        0x0 
 *fill*         0x00000000402022a9        0x0 
 *fill*         0x00000000402022a9        0x0 
 *fill*         0x00000000402022a9        0x0 
 *liblwip_full.a:(.literal .text .literal.* .text.*)
 *liblwip2.a:(.literal .text .literal.* .text.*)
 *libaxtls.a:(.literal .text .literal.* .text.*)
 *libat.a:(.literal.* .text.*)
 *libcrypto.a:(.literal.* .text.*)
 *libespnow.a:(.literal.* .text.*)
 *libjson.a:(.literal.* .text.*)
 *liblwip.a:(.literal.* .text.*)
 *libmesh.a:(.literal.* .text.*)
 *libnet80211.a:(.literal.* .text.*)
 *libsmartconfig.a:(.literal.* .text.*)
 *libssl.a:(.literal.* .text.*)
 *libupgrade.a:(.literal.* .text.*)
 *libwpa.a:(.literal.* .text.*)
 *libwpa2.a:(.literal.* .text.*)
 *libwps.a:(.literal.* .text.*)
 *libmbedtls.a:(.literal.* .text.*)
 *libm.a:(.literal .text .literal.* .text.*)
 *(.rodata._ZTV*)
 *fill*         0x00000000402022a9        0x7 
 .rodata._ZTV5Print
                0x00000000402022b0       0x18 /opt/Sming/Sming/compiler/lib//libsming.a(Print.o)
                0x00000000402022b0                _ZTV5Print
 .rodata._ZTV14HardwareSerial
                0x00000000402022c8       0x30 /opt/Sming/Sming/compiler/lib//libsming.a(HardwareSerial.o)
                0x00000000402022c8                _ZTV14HardwareSerial
 .rodata._ZTV7TwoWire
                0x00000000402022f8       0x2c /opt/Sming/Sming/compiler/lib//libsming.a(Wire.o)
                0x00000000402022f8                _ZTV7TwoWire
 *fill*         0x0000000040202324        0x4 
 .rodata._ZTV19ISystemReadyHandler
                0x0000000040202328       0x14 /opt/Sming/Sming/compiler/lib//libsming.a(WDT.o)
                0x0000000040202328                _ZTV19ISystemReadyHandler
 *fill*         0x000000004020233c        0x4 
 .rodata._ZTV8WDTClass
                0x0000000040202340       0x14 /opt/Sming/Sming/compiler/lib//libsming.a(WDT.o)
                0x0000000040202340                _ZTV8WDTClass
 *fill*         0x0000000040202354        0x4 
 .rodata._ZTV3LCD
                0x0000000040202358       0x28 /opt/Sming/Sming/compiler/lib//libsming.a(LCD.o)
                0x0000000040202358                _ZTV3LCD
 .rodata._ZTV17LiquidCrystal_I2C
                0x0000000040202380       0x28 /opt/Sming/Sming/compiler/lib//libsming.a(LiquidCrystal_I2C.o)
                0x0000000040202380                _ZTV17LiquidCrystal_I2C
 .rodata._ZTV6VectorIP19WebsocketConnectionE
                0x00000000402023a8       0x1c /opt/Sming/Sming/compiler/lib//libsming.a(WebsocketConnection.o)
                0x00000000402023a8                _ZTV6VectorIP19WebsocketConnectionE
 *(.irom0.literal .irom.literal .irom.text.literal .irom0.text .irom.text .irom.debug.*)
 .irom0.text    0x00000000402023c4       0x31 /opt/Sming/Sming/compiler/lib//libsming.a(user_main.o)
                                         0x39 (size before relaxing)
                0x00000000402023c8                user_rf_cal_sector_set
 *fill*         0x00000000402023f5        0x3 
 .irom0.text    0x00000000402023f8     0x3dcd out/build/libmain2.a(user_interface.o)
                                       0x48dd (size before relaxing)
                0x00000000402023fc                system_set_os_print
                0x000000004020240c                system_get_os_print
                0x00000000402025e4                system_pp_recycle_rx_pkt
                0x0000000040202600                system_adc_read
                0x0000000040202640                system_adc_read_fast
                0x00000000402026a0                system_get_vdd33
                0x00000000402026cc                system_restart_hook
                0x00000000402026fc                system_restart_local
                0x00000000402027dc                system_restart
                0x000000004020284c                system_restore
                0x00000000402028b8                system_get_flash_size_map
                0x00000000402028dc                system_get_boot_version
                0x0000000040202914                system_get_test_result
                0x000000004020293c                system_get_userbin_addr
                0x00000000402029d4                system_get_boot_mode
                0x0000000040202a04                system_restart_enhance
                0x0000000040202bb0                system_upgrade_userbin_set
                0x0000000040202bfc                system_upgrade_userbin_check
                0x0000000040202c3c                system_upgrade_flag_set
                0x0000000040202c50                system_upgrade_flag_check
                0x0000000040202c78                system_upgrade_reboot
                0x0000000040202de0                system_deep_sleep_instant
                0x0000000040202f78                system_deep_sleep
                0x0000000040202fd8                system_deep_sleep_set_option
                0x0000000040202ff4                system_phy_temperature_alert
                0x0000000040203008                system_phy_set_max_tpw
                0x000000004020301c                system_phy_set_tpw_via_vdd33
                0x0000000040203030                system_phy_set_rfoption
                0x0000000040203044                system_phy_set_powerup_option
                0x000000004020305c                system_update_cpu_freq
                0x00000000402030b8                system_get_cpu_freq
                0x00000000402030d0                system_overclock
                0x00000000402030fc                system_restoreclock
                0x000000004020312c                system_timer_reinit
                0x0000000040203144                system_relative_time
                0x0000000040203170                system_station_got_ip_set
                0x00000000402032a8                system_print_meminfo
                0x0000000040203308                system_get_free_heap_size
                0x0000000040203324                system_get_chip_id
                0x0000000040203348                system_rtc_clock_cali_proc
                0x000000004020335c                system_get_rtc_time
                0x0000000040203370                system_mktime
                0x0000000040203440                system_init_done_cb
                0x000000004020344c                system_get_rst_info
                0x0000000040203454                system_get_data_of_array_8
                0x0000000040203478                system_get_data_of_array_16
                0x00000000402034a4                system_get_string_from_flash
                0x0000000040203510                wifi_softap_dhcps_start
                0x0000000040203558                wifi_softap_dhcps_stop
                0x0000000040203598                wifi_softap_dhcps_status
                0x00000000402035a0                wifi_station_dhcpc_start
                0x00000000402035f8                wifi_station_dhcpc_stop
                0x000000004020363c                wifi_station_dhcpc_event
                0x00000000402036b4                wifi_station_dhcpc_set_maxtry
                0x00000000402036c4                wifi_station_dhcpc_status
                0x0000000040203744                wifi_get_opmode
                0x0000000040203758                wifi_get_opmode_default
                0x00000000402037d4                wifi_get_broadcast_if
                0x0000000040203810                wifi_set_broadcast_if
                0x0000000040203994                wifi_set_opmode
                0x00000000402039a8                wifi_set_opmode_current
                0x00000000402039bc                system_get_checksum
                0x0000000040203a04                wifi_param_save_protect_with_check
                0x0000000040203ac4                system_param_save_with_protect
                0x0000000040203b78                system_save_sys_param
                0x0000000040203ba4                system_param_load
                0x0000000040203ce0                wifi_station_get_config
                0x0000000040203cf4                wifi_station_get_config_default
                0x0000000040203d14                wifi_station_get_ap_info
                0x0000000040203dcc                wifi_station_ap_number_set
                0x000000004020428c                wifi_station_set_config
                0x00000000402042a4                wifi_station_set_config_current
                0x00000000402042bc                wifi_station_restore_config
                0x00000000402042d4                wifi_station_get_current_ap_id
                0x00000000402042e8                wifi_station_ap_check
                0x0000000040204338                wifi_station_ap_change
                0x0000000040204450                wifi_station_scan
                0x000000004020449c                wifi_station_get_auto_connect
                0x00000000402044bc                wifi_station_set_auto_connect
                0x0000000040204574                wifi_station_save_pmk2cache
                0x00000000402046a4                wifi_station_save_bssid
                0x0000000040204744                wifi_station_connect
                0x00000000402047d8                wifi_station_disconnect
                0x0000000040204898                wifi_station_get_connect_status
                0x00000000402048c8                wifi_station_set_reconnect_policy
                0x00000000402048e0                wifi_station_get_reconnect_policy
                0x00000000402048e8                wifi_station_get_rssi
                0x0000000040204938                wifi_station_set_default_hostname
                0x00000000402049a0                wifi_station_get_hostname
                0x00000000402049d0                wifi_station_set_hostname
                0x0000000040204a70                wifi_softap_cacl_mac
                0x0000000040204ae0                wifi_softap_set_default_ssid
                0x0000000040204cc0                wifi_softap_get_config
                0x0000000040204cd4                wifi_softap_get_config_default
                0x0000000040205014                wifi_softap_set_config
                0x0000000040205028                wifi_softap_set_config_current
                0x000000004020503c                wifi_softap_set_station_info
                0x00000000402050ac                wifi_softap_get_station_info
                0x0000000040205158                wifi_softap_free_station_info
                0x0000000040205198                wifi_softap_get_station_num
                0x00000000402051ec                wifi_softap_deauth
                0x000000004020529c                wifi_softap_get_beacon_only_mode
                0x00000000402052b0                wifi_softap_set_beacon_only_mode
                0x0000000040205314                wifi_register_user_ie_manufacturer_recv_cb
                0x0000000040205328                wifi_unregister_user_ie_manufacturer_recv_cb
                0x0000000040205358                wifi_set_user_ie
                0x0000000040205468                wifi_get_user_ie
                0x000000004020549c                wifi_get_phy_mode
                0x00000000402054b0                wifi_set_phy_mode
                0x0000000040205664                wifi_check_regdomain_param
                0x00000000402056ec                wifi_regdomain_need_update
                0x00000000402057cc                wifi_set_regdomain
                0x0000000040205904                wifi_get_regdomain
                0x00000000402059b4                wifi_set_sleep_type
                0x00000000402059d4                wifi_enable_gpio_wakeup
                0x0000000040205a00                wifi_disable_gpio_wakeup
                0x0000000040205a18                wifi_get_sleep_type
                0x0000000040205a30                wifi_get_channel
                0x0000000040205a48                wifi_set_channel
                0x0000000040205aa0                wifi_promiscuous_set_mac
                0x0000000040205b04                wifi_promiscuous_enable
                0x0000000040205be8                wifi_set_promiscuous_rx_cb
                0x0000000040205bf8                wifi_get_ip_info
                0x0000000040205c78                wifi_set_ip_info
                0x0000000040205cf0                wifi_get_macaddr
                0x0000000040205d50                wifi_set_macaddr
                0x0000000040205e6c                wifi_enable_6m_rate
                0x0000000040205e74                wifi_get_user_fixed_rate
                0x0000000040205e94                wifi_set_user_fixed_rate
                0x0000000040205eb4                wifi_set_user_sup_rate
                0x0000000040205ef0                wifi_set_user_rate_limit
                0x0000000040205f14                wifi_get_user_limit_rate_mask
                0x0000000040205f1c                wifi_set_user_limit_rate_mask
                0x0000000040205f34                wifi_register_send_pkt_freedom_cb
                0x0000000040205f48                wifi_unregister_send_pkt_freedom_cb
                0x0000000040205f54                wifi_send_pkt_freedom
                0x0000000040205fa0                wifi_rfid_locp_recv_open
                0x0000000040205fb4                wifi_rfid_locp_recv_close
                0x0000000040205fc8                wifi_register_rfid_locp_recv_cb
                0x0000000040205fdc                wifi_unregister_rfid_locp_recv_cb
                0x0000000040205ff4                wifi_status_led_install
                0x0000000040206028                wifi_status_led_uninstall
                0x000000004020604c                wifi_set_status_led_output_level
                0x00000000402060a4                wifi_set_event_handler_cb
                0x00000000402060ec                system_os_task
                0x0000000040206128                system_uart_swap
                0x0000000040206188                system_uart_de_swap
                0x00000000402061c0                system_get_sdk_version
 *fill*         0x00000000402061c5        0x3 
 .irom0.text    0x00000000402061c8      0xc55 out/build/libmain2.a(app_main.o)
                                        0xf3d (size before relaxing)
                0x0000000040206460                wdt_init
                0x0000000040206508                user_uart_wait_tx_fifo_empty
                0x00000000402067bc                system_phy_freq_trace_enable
                0x00000000402067c8                flash_data_check
 *fill*         0x0000000040206e1d        0x3 
 .irom0.text    0x0000000040206e20      0x60c out/build/libmain2.a(eagle_lib.o)
                                        0x620 (size before relaxing)
                0x0000000040206e20                divide
                0x0000000040206e5c                skip_atoi
                0x0000000040206fdc                ets_vsnprintf
                0x000000004020733c                ets_vsprintf
                0x0000000040207360                ets_sprintf
                0x0000000040207388                ets_strcat
                0x00000000402073a8                ets_strrchr
                0x00000000402073d4                ets_strchr
                0x00000000402073ec                bit_popcount
                0x0000000040207408                ets_snprintf
 .irom0.text    0x000000004020742c      0x31e out/build/libmain2.a(eagle_lwip_if.o)
                                        0x3e6 (size before relaxing)
                0x00000000402074e4                eagle_lwip_if_alloc
                0x00000000402076a4                eagle_lwip_if_free
                0x0000000040207728                eagle_lwip_getif
 *fill*         0x000000004020774a        0x2 
 .irom0.text    0x000000004020774c      0x176 out/build/libmain2.a(ets_timer.o)
                                        0x1b2 (size before relaxing)
                0x0000000040207754                ets_timer_done
                0x0000000040207794                ets_timer_handler_isr
                0x0000000040207860                ets_timer_init
 *fill*         0x00000000402078c2        0x2 
 .irom0.text    0x00000000402078c4       0xe4 out/build/libmain2.a(mem_manager.o)
                                         0xf8 (size before relaxing)
                0x00000000402078c4                check_memleak_debug_enable
                0x000000004020792c                xPortGetFreeHeapSize
                0x0000000040207934                vPortInitialiseBlocks
 .irom0.literal
                0x00000000402079a8        0x4 /opt/Sming/Sming/compiler/lib//libmicroc.a(malloc.o)
                                         0x14 (size before relaxing)
 .irom0.literal
                0x00000000402079ac        0x4 /opt/Sming/Sming/compiler/lib//libmicroc.a(abort.o)
                                          0x8 (size before relaxing)
 .irom0.literal
                0x00000000402079b0        0x8 /opt/Sming/Sming/compiler/lib//libmicrogcc.a(_divsf3.o)
                                         0x10 (size before relaxing)
 .irom0.text    0x00000000402079b8       0x65 /opt/Sming/Sming/compiler/lib//libmicroc.a(malloc.o)
                0x00000000402079b8                malloc
                0x00000000402079cc                free
                0x00000000402079e0                realloc
                0x00000000402079f4                zalloc
                0x0000000040207a08                calloc
 *fill*         0x0000000040207a1d        0x3 
 .irom0.text    0x0000000040207a20       0x11 /opt/Sming/Sming/compiler/lib//libmicroc.a(abort.o)
                0x0000000040207a20                abort
 *fill*         0x0000000040207a31        0x3 
 .irom0.text    0x0000000040207a34       0xfa /opt/esp-open-sdk/sdk/lib/libphy.a(phy.o)
                                        0x11e (size before relaxing)
                0x0000000040207a38                rf_init
                0x0000000040207a54                bb_init
                0x0000000040207a6c                phy_init
                0x0000000040207a9c                RFChannelSel
                0x0000000040207ab8                phy_delete_channel
                0x0000000040207ad0                phy_enable_agc
                0x0000000040207ae8                phy_disable_agc
                0x0000000040207b00                phy_initialize_bb
                0x0000000040207b18                phy_set_sense
 *fill*         0x0000000040207b2e        0x2 
 .irom0.text    0x0000000040207b30     0x1777 /opt/esp-open-sdk/sdk/lib/libphy.a(phy_chip_v6_ana.o)
                                       0x197f (size before relaxing)
                0x0000000040207b34                ram_pbus_set_rxgain
                0x0000000040207c0c                ram_pbus_debugmode
                0x0000000040207cc0                ram_pbus_xpd_tx_on
                0x0000000040207d2c                set_rf_freq_offset
                0x0000000040207d9c                chip_v6_rxmax_ext_ana
                0x0000000040207ef0                ram_chip_v6_rx_init
                0x0000000040207f24                tsen_meas
                0x0000000040207fd4                readvdd33
                0x00000000402081a0                txpwr_offset
                0x000000004020825c                set_txcap_reg
                0x00000000402082dc                ram_ana_inf_gating_en
                0x000000004020843c                ram_restart_cal
                0x00000000402084a8                wait_rfpll_cal_end
                0x000000004020853c                ram_rfpll_set_freq
                0x0000000040208644                ram_set_channel_freq
                0x0000000040208940                chip_60_set_channel
                0x0000000040208ae0                chip_v6_set_chan_offset
                0x0000000040208b40                chip_v6_set_chan
                0x0000000040208bf0                chip_v6_set_chan_wakeup
                0x0000000040208c74                chip_v6_rf_init
                0x0000000040208ed8                low_power_set
                0x0000000040208f28                test_tout
                0x00000000402090a0                check_data_flag
                0x00000000402090c0                phy_get_check_flag
                0x00000000402091f4                phy_get_vdd33
 *fill*         0x00000000402092a7        0x1 
 .irom0.text    0x00000000402092a8     0x3e5c /opt/esp-open-sdk/sdk/lib/libphy.a(phy_chip_v6.o)
                                       0x44fc (size before relaxing)
                0x00000000402092a8                ram_tx_mac_enable
                0x00000000402092ac                ram_tx_mac_disable
                0x00000000402092b0                rtc_mem_backup
                0x00000000402092e0                rtc_mem_recovery
                0x0000000040209310                set_cal_rxdc
                0x00000000402093c4                set_rx_gain_cal_iq
                0x0000000040209720                gen_rx_gain_table
                0x0000000040209878                pbus_set_rxbbgain
                0x00000000402098f8                set_rx_gain_testchip_50
                0x0000000040209c2c                ram_get_corr_power
                0x0000000040209d1c                check_data_func
                0x0000000040209d3c                do_noisefloor_lsleep_v50
                0x0000000040209d70                do_noisefloor
                0x0000000040209de0                start_dig_rx
                0x0000000040209e24                stop_dig_rx
                0x0000000040209e50                chip_v6_set_chanfreq
                0x0000000040209e80                tx_cap_init
                0x000000004020a0a8                target_power_add_backoff
                0x000000004020a0d4                tx_pwctrl_init_cal
                0x000000004020a274                tx_atten_set_interp
                0x000000004020a4d4                check_tx_pwr_cal
                0x000000004020a618                tx_pwctrl_init
                0x000000004020a73c                ram_get_noisefloor
                0x000000004020a758                get_noisefloor_sat
                0x000000004020a788                ram_set_noise_floor
                0x000000004020a7e4                ram_start_noisefloor
                0x000000004020a830                read_hw_noisefloor
                0x000000004020a85c                noise_check_loop
                0x000000004020a9b8                noise_init
                0x000000004020abb8                target_power_backoff
                0x000000004020ac0c                sdt_on_noise_start
                0x000000004020ac8c                chip_v6_set_chan_rx_cmp
                0x000000004020ae18                chip_v6_set_chan_misc
                0x000000004020aeac                phy_dig_spur_set
                0x000000004020b204                phy_dig_spur_prot
                0x000000004020b43c                chip_v6_rxmax_ext_dig
                0x000000004020b488                chip_v6_rxmax_ext
                0x000000004020b538                phy_bb_rx_cfg
                0x000000004020b950                uart_wait_idle
                0x000000004020b988                phy_pbus_soc_cfg
                0x000000004020ba40                phy_gpio_cfg
                0x000000004020bc58                tx_cont_en
                0x000000004020bd00                tx_cont_dis
                0x000000004020bd54                tx_cont_cfg
                0x000000004020bd74                chip_v6_initialize_bb
                0x000000004020bed8                periodic_cal
                0x000000004020bf10                bbpll_cal
                0x000000004020bfb8                periodic_cal_top
                0x000000004020c01c                register_chipv6_phy_init_param
                0x000000004020c2c4                change_bbpll160_sleep
                0x000000004020c474                change_bbpll160
                0x000000004020c4ac                set_crystal_uart
                0x000000004020c540                ant_switch_init
                0x000000004020c5f0                reduce_current_init
                0x000000004020c6dc                rtc_mem_check
                0x000000004020c718                phy_afterwake_set_rfoption
                0x000000004020c734                deep_sleep_set_option
                0x000000004020c760                write_data_to_rtc
                0x000000004020c798                get_data_from_rtc
                0x000000004020c81c                register_chipv6_phy
                0x000000004020ccb4                set_dpd_bypass
                0x000000004020ccdc                set_rf_gain_stage10
                0x000000004020cd0c                get_vdd33_offset
                0x000000004020cd80                get_phy_target_power
                0x000000004020ce30                set_most_pwr_reg
                0x000000004020cf04                phy_set_most_tpw
                0x000000004020cf24                phy_vdd33_set_tpw
                0x000000004020cf3c                get_adc_rand
                0x000000004020cf70                phy_get_rand
                0x000000004020cf8c                phy_tx_pwctrl_cali
                0x000000004020cfb4                phy_check_data_table
                0x000000004020cff0                phy_after_init_enrx
                0x000000004020d054                phy_set_rx11b_reg
                0x000000004020d088                phy_set_powerup_option
                0x000000004020d098                phy_get_txpwr_param
                0x000000004020d0e4                phy_get_rxnf_param
                0x000000004020d0f0                phy_get_freq_param
 .irom0.text    0x000000004020d104     0x21a8 /opt/esp-open-sdk/sdk/lib/libphy.a(phy_chip_v6_cal.o)
                                       0x23d4 (size before relaxing)
                0x000000004020d104                txbbgain2dcoindex
                0x000000004020d124                dcoindex2txbbgain
                0x000000004020d148                init_cal_dcoffset
                0x000000004020d20c                set_rfanagain_dc_reg
                0x000000004020d2a8                set_txdc_pbus
                0x000000004020d314                get_rf_gain_qdb
                0x000000004020d33c                correct_rf_ana_gain
                0x000000004020d444                get_sar_dout
                0x000000004020d4d4                cal_rf_ana_gain
                0x000000004020d5ec                meas_tone_pwr_db
                0x000000004020d65c                tx_pwr_backoff
                0x000000004020d810                get_fcc_1m2m_pwr_offset
                0x000000004020d84c                ram_set_txbb_atten
                0x000000004020d8e0                txiq_get_mis_pwr
                0x000000004020d988                txiq_cover
                0x000000004020dba4                ram_rfcal_txiq
                0x000000004020de14                rc_cal
                0x000000004020dfd4                get_target_power_offset
                0x000000004020e0dc                get_pwctrl_correct
                0x000000004020e134                tx_pwctrl_cal
                0x000000004020e430                tx_pwctrl_bg_init
                0x000000004020e4a8                tx_pwctrl_background
                0x000000004020e560                read_sar_dout
                0x000000004020e5c4                ram_get_fm_sar_dout
                0x000000004020e668                ram_cal_tos_v60
                0x000000004020e838                ram_get_bb_atten
                0x000000004020e868                ram_rfcal_txcap
                0x000000004020ea2c                ram_rfcal_pwrctrl
                0x000000004020ec68                ram_rxiq_get_mis
                0x000000004020ee38                ram_rxiq_cover_mg_mp
                0x000000004020efdc                ram_rfcal_rxiq
                0x000000004020f1e8                dpd_scale_set
                0x000000004020f230                dpd_mem_write
 .irom0.text    0x000000004020f2ac      0xc8e /opt/esp-open-sdk/sdk/lib/libphy.a(phy_sleep.o)
                                        0xe9a (size before relaxing)
                0x000000004020f2ac                pm_usec2rtc
                0x000000004020f2e0                pm_rtc2usec
                0x000000004020f2f0                pm_set_sleep_cycles
                0x000000004020f318                pm_sleep_opt
                0x000000004020f46c                pm_wakeup_opt
                0x000000004020f4a4                get_chip_version
                0x000000004020f4e4                pm_sleep_opt_bb_off
                0x000000004020f530                pm_sleep_opt_bb_on
                0x000000004020f584                pm_set_pll_xtal_wait_time
                0x000000004020f5b0                pm_prepare_to_sleep
                0x000000004020f5b8                pm_sdio_nidle
                0x000000004020f62c                chg_lslp_mem_opt_8266
                0x000000004020f64c                pm_wait4wakeup
                0x000000004020f688                pm_open_rf
                0x000000004020f6cc                pm_sleep_set_mac
                0x000000004020f750                pm_set_wakeup_mac
                0x000000004020f7e8                pm_check_mac_idle
                0x000000004020f840                pm_set_sleep_btco
                0x000000004020f8e0                pm_set_wakeup_btco
                0x000000004020f9f8                pm_set_sleep_mode
                0x000000004020fb18                pm_unmask_bt
                0x000000004020fb84                pm_wakeup_init
                0x000000004020fde0                sleep_opt_8266
                0x000000004020fe00                sleep_opt_bb_on_8266
                0x000000004020fe38                sleep_reset_analog_rtcreg_8266
 *fill*         0x000000004020ff3a        0x2 
 .irom0.text    0x000000004020ff3c      0x48d /opt/esp-open-sdk/sdk/lib/libpp.a(if_hwctrl.o)
                                        0x5bd (size before relaxing)
                0x000000004020ff5c                ic_get_addr
                0x000000004020ff68                ic_set_opmode
                0x000000004020ff7c                ic_enable_interface
                0x000000004020ffcc                ic_interface_enabled
                0x000000004020ffe0                ic_disable_interface
                0x0000000040210028                ic_is_pure_sta
                0x0000000040210044                ic_get_ptk_alg
                0x0000000040210054                ic_get_gtk_alg
                0x0000000040210064                ic_set_ptk_alg
                0x0000000040210074                ic_set_gtk_alg
                0x0000000040210084                ic_interface_is_p2p
                0x000000004021011c                ic_set_vif
                0x00000000402101d8                ic_set_sta
                0x00000000402102d8                ic_bss_info_update
                0x0000000040210334                ic_set_key
                0x0000000040210390                ic_remove_key
                0x00000000402103a4                ic_get_rssi
 *fill*         0x00000000402103c9        0x3 
 .irom0.text    0x00000000402103cc      0x100 /opt/esp-open-sdk/sdk/lib/libpp.a(lmac.o)
                                        0x118 (size before relaxing)
                0x00000000402103d0                lmacInitAc
                0x0000000040210404                lmacInit
                0x00000000402104b0                lmacSetRetryLimit
 .irom0.text    0x00000000402104cc     0x1a9d /opt/esp-open-sdk/sdk/lib/libpp.a(pm.o)
                                       0x2045 (size before relaxing)
                0x00000000402104d0                pm_set_gpio_wakeup_pin
                0x0000000040210508                pm_clear_gpio_wakeup_pin
                0x0000000040210518                pm_is_gpio_int_trig
                0x000000004021052c                pm_rtc_clock_cali_proc
                0x0000000040210564                pm_get_ck170_period
                0x0000000040210588                pm_set_sleep_time
                0x00000000402108fc                pm_rf_is_closed
                0x000000004021092c                pm_set_sleep_type_from_upper
                0x0000000040210a1c                pm_get_sleep_type
                0x0000000040210bd8                uart_tx_flush
                0x0000000040210bdc                pm_suspend
                0x0000000040210e00                pm_shutdown
                0x0000000040210ee0                pm_reset_idle_sleep
                0x0000000040210f20                pm_idle_sleep
                0x0000000040210f30                pm_open
                0x0000000040211034                pm_onBcnRx
                0x00000000402113c8                StopLightSleepSetFunc
                0x00000000402113d0                LightSleepWakedCbSetFunc
                0x00000000402119a0                pm_enable_gpio_wakeup
                0x00000000402119dc                pm_attach
                0x0000000040211ad4                pm_send_nullfunc
                0x0000000040211c78                pm_is_waked
                0x0000000040211c90                pm_is_open
                0x0000000040211ca8                pm_scan_lock
                0x0000000040211cd0                pm_try_scan_unlock
                0x0000000040211ce8                pm_force_scan_unlock
                0x0000000040211d8c                pm_scan_unlocked
                0x0000000040211da0                pm_allow_tx
                0x0000000040211dbc                pm_assoc_parse
                0x0000000040211dd4                pm_set_addr
                0x0000000040211df4                pm_sleep_for
                0x0000000040211e24                pm_post
                0x0000000040211f28                pm_get_idle_wait_time
 *fill*         0x0000000040211f69        0x3 
 .irom0.text    0x0000000040211f6c      0xb38 /opt/esp-open-sdk/sdk/lib/libpp.a(pm_for_bcn_only_mode.o)
                                        0xee4 (size before relaxing)
                0x0000000040211f80                wifi_fpm_set_sleep_type
                0x0000000040211f80                fpm_set_type_from_upper
                0x000000004021203c                fpm_get_slp_type
                0x000000004021203c                wifi_fpm_get_sleep_type
                0x0000000040212044                fpm_rf_is_closed
                0x0000000040212058                fpm_is_open
                0x0000000040212064                fpm_allow_tx
                0x000000004021208c                fpm_close
                0x000000004021208c                wifi_fpm_close
                0x000000004021211c                wifi_fpm_open
                0x000000004021211c                fpm_open
                0x00000000402121a0                fpm_attach
                0x0000000040212350                fpm_set_wakeup_cb
                0x0000000040212350                wifi_fpm_set_wakeup_cb
                0x000000004021248c                wifi_fpm_do_wakeup
                0x000000004021248c                fpm_do_wakeup
                0x00000000402129bc                fpm_do_sleep
                0x00000000402129bc                wifi_fpm_do_sleep
                0x0000000040212a5c                wifi_fpm_auto_sleep_set_in_null_mode
                0x0000000040212a5c                fpm_auto_sleep_set_in_null_mode
                0x0000000040212a9c                get_fpm_auto_sleep_flag
 .irom0.text    0x0000000040212aa4     0x15be /opt/esp-open-sdk/sdk/lib/libpp.a(pp.o)
                                       0x19a2 (size before relaxing)
                0x0000000040212ab0                PPWdtReset
                0x0000000040212ae4                pp_soft_wdt_init
                0x0000000040212b04                system_soft_wdt_feed
                0x0000000040212b04                pp_soft_wdt_feed
                0x0000000040212b20                pp_soft_wdt_stop
                0x0000000040212b20                system_soft_wdt_stop
                0x0000000040212b4c                pp_soft_wdt_restart
                0x0000000040212b4c                system_soft_wdt_restart
                0x0000000040212b84                RxNodeNum
                0x0000000040212b9c                TxNodeNum
                0x0000000040212bc0                pp_disable_noise_timer
                0x0000000040212be0                pp_enable_noise_timer
                0x0000000040212cf0                pp_noise_test
                0x0000000040212d00                reset_noise_timer
                0x0000000040212d38                pp_disable_idle_timer
                0x0000000040212d5c                pp_enable_idle_timer
                0x0000000040212d84                pp_try_enable_idle_timer
                0x0000000040212dc0                ppPeocessRxPktHdr
                0x00000000402130f4                HdlAllBuffedEb
                0x000000004021317c                ppTxPkt
                0x00000000402132f4                ppProcessWaitQ
                0x0000000040213304                ppRegisterTxCallback
                0x000000004021332c                ppUnregisterTxCallback
                0x0000000040213360                ppRecycleRxPkt
                0x00000000402133c0                ppCheckTxIdle
                0x000000004021363c                pp_tx_idle_timeout
                0x0000000040213800                DefFreqCalTimerCB
                0x0000000040213b7c                ppGetTxQFirstAvail_Locked
                0x0000000040213c5c                pp_attach
 *fill*         0x0000000040214062        0x2 
 .irom0.text    0x0000000040214064      0x296 /opt/esp-open-sdk/sdk/lib/libpp.a(rate_control.o)
                                        0x2a2 (size before relaxing)
                0x00000000402142b0                RC_SetBasicRate
 *fill*         0x00000000402142fa        0x2 
 .irom0.text    0x00000000402142fc      0x5e9 /opt/esp-open-sdk/sdk/lib/libpp.a(trc.o)
                                        0x64d (size before relaxing)
                0x00000000402142fc                phytype2mode
                0x0000000040214318                rc_set_rate_limit_id
                0x0000000040214434                rcUpdatePhyMode
                0x0000000040214600                rcAttach
                0x000000004021464c                rcGetTrc
                0x0000000040214654                trc_onDisconnect
                0x0000000040214658                trc_onScanStart
                0x000000004021466c                trc_onScanDone
                0x0000000040214688                rc_enable_trc
                0x0000000040214760                rc_get_mask
                0x0000000040214774                rc_disable_trc
                0x00000000402147c8                rc_disable_trc_by_interface
                0x00000000402147e4                rc_get_sta_trc
                0x0000000040214828                rc_get_trc
                0x0000000040214898                rc_get_trc_by_index
                0x00000000402148b8                rc_only_sta_trc
 *fill*         0x00000000402148e5        0x3 
 .irom0.text    0x00000000402148e8      0xbcb /opt/esp-open-sdk/sdk/lib/libpp.a(wdev.o)
                                        0xd43 (size before relaxing)
                0x00000000402148f4                wDev_Option_Init
                0x00000000402149e8                wDev_Enable_Beacon_Tsf
                0x0000000040214a04                wDev_Disable_Beacon_Tsf
                0x0000000040214a20                wDev_Set_Beacon_Int
                0x0000000040214a28                wDev_Reset_TBTT
                0x0000000040214a58                wDev_Get_Next_TBTT
                0x0000000040214cd4                wDev_Initialize
                0x0000000040214d44                wDevForceAck6M
                0x0000000040214d60                wDev_SetMacAddress
                0x0000000040214dfc                wDev_SetRxPolicy
                0x0000000040214e50                wDev_EnableUcRx
                0x0000000040214e7c                wDev_DisableUcRx
                0x0000000040214ea8                wDev_SetBssid
                0x0000000040214f80                wDev_ClearBssid
                0x0000000040214fb4                wDev_Is_Mac_Key_Exist
                0x0000000040215040                wDev_Insert_KeyEntry
                0x0000000040215130                wDev_remove_KeyEntry
                0x000000004021516c                wDev_remove_KeyEntry_all_cnx
                0x00000000402151b4                wDev_Crypto_Conf
                0x0000000040215250                wDev_Crypto_Disable
                0x0000000040215288                wDevEnableRx
                0x00000000402152b0                wdev_go_sniffer
                0x000000004021538c                wdev_set_sniffer_addr
                0x00000000402153e4                wdev_exit_sniffer
 *fill*         0x00000000402154b3        0x1 
 .irom0.text    0x00000000402154b4      0x3ed /opt/esp-open-sdk/sdk/lib/libpp.a(esf_buf.o)
                                        0x4c1 (size before relaxing)
                0x00000000402154bc                esf_buf_alloc
                0x00000000402156a4                esf_buf_recycle
                0x00000000402157e4                esf_buf_setup
 *fill*         0x00000000402158a1        0x3 
 .irom0.text    0x00000000402158a4      0x479 /opt/esp-open-sdk/sdk/lib/libnet80211.a(ieee80211.o)
                                        0x545 (size before relaxing)
                0x0000000040215928                ieee80211_rate_ref_init
                0x0000000040215940                ieee80211_freedom_inside_cb
                0x0000000040215970                ieee80211_freedom_init
                0x0000000040215994                ieee80211_user_ie_init
                0x00000000402159b0                ieee80211_ifattach
                0x0000000040215a14                ieee80211_mhz2ieee
                0x0000000040215a70                ieee80211_chan2ieee
                0x0000000040215a8c                ieee80211_ieee2mhz
                0x0000000040215acc                ieee80211_find_channel
                0x0000000040215af8                ieee80211_find_channel_byieee
                0x0000000040215b48                wifi_mode_set
 *fill*         0x0000000040215d1d        0x3 
 .irom0.text    0x0000000040215d20       0xcf /opt/esp-open-sdk/sdk/lib/libnet80211.a(ieee80211_crypto.o)
                                         0xd7 (size before relaxing)
                0x0000000040215d20                ieee80211_crypto_attach
                0x0000000040215d24                ieee80211_crypto_available
                0x0000000040215d28                ieee80211_crypto_setkey
                0x0000000040215d2c                ieee80211_crypto_encap
                0x0000000040215d84                ieee80211_crypto_decap
 *fill*         0x0000000040215def        0x1 
 .irom0.text    0x0000000040215df0       0x4c /opt/esp-open-sdk/sdk/lib/libnet80211.a(ieee80211_ets.o)
                                         0x50 (size before relaxing)
                0x0000000040215df4                ieee80211_getmgtframe
 .irom0.text    0x0000000040215e3c     0x19f8 /opt/esp-open-sdk/sdk/lib/libnet80211.a(ieee80211_hostap.o)
                                       0x1f3b (size before relaxing)
                0x0000000040216480                ieee80211_hostap_attach
                0x000000004021657c                hostap_handle_timer
                0x0000000040216614                hostap_input
                0x0000000040217514                wifi_softap_start
                0x0000000040217698                wifi_softap_stop
 *fill*         0x0000000040217834        0x0 
 .irom0.text    0x0000000040217834      0xa62 /opt/esp-open-sdk/sdk/lib/libnet80211.a(ieee80211_ht.o)
                                        0xb36 (size before relaxing)
                0x0000000040217844                ieee80211_ht_attach
                0x0000000040217894                ieee80211_ht_node_init
                0x00000000402178d4                ieee80211_ht_node_cleanup
                0x000000004021790c                ieee80211_parse_htcap
                0x00000000402179f0                ieee80211_ht_updateparams
                0x0000000040217b00                ieee80211_setup_htrates
                0x0000000040217bcc                ieee80211_setup_basic_htrates
                0x0000000040217f04                ieee80211_add_htcap
                0x0000000040217f20                ieee80211_add_htcap_vendor
                0x0000000040218040                ieee80211_add_htinfo
                0x000000004021805c                ieee80211_add_htinfo_vendor
 *fill*         0x0000000040218296        0x2 
 .irom0.text    0x0000000040218298      0xae0 /opt/esp-open-sdk/sdk/lib/libnet80211.a(ieee80211_input.o)
                                        0xb70 (size before relaxing)
                0x0000000040218298                ieee80211_deliver_data
                0x00000000402182ec                ieee80211_decap
                0x00000000402183f0                ieee80211_setup_rates
                0x0000000040218460                ieee80211_alloc_challenge
                0x00000000402184a0                ieee80211_parse_beacon
                0x0000000040218ac4                ieee80211_parse_wpa
                0x0000000040218bd8                ieee80211_parse_rsn
                0x0000000040218cd8                ieee80211_parse_action
                0x0000000040218d74                ieee80211_setup_rateset
 .irom0.text    0x0000000040218d78      0x2a6 /opt/esp-open-sdk/sdk/lib/libnet80211.a(ieee80211_mesh_quick.o)
                                        0x302 (size before relaxing)
                0x0000000040218d84                ieee80211_mesh_quick_init
                0x0000000040218df4                ieee80211_mesh_quick_deinit
                0x0000000040218e24                ieee80211_mesh_quick_set
                0x0000000040218f20                ieee80211_mesh_quick_get
                0x0000000040218fec                ieee80211_mesh_quick_ie_add
 *fill*         0x000000004021901e        0x2 
 .irom0.text    0x0000000040219020     0x1e44 /opt/esp-open-sdk/sdk/lib/libnet80211.a(ieee80211_output.o)
                                       0x220c (size before relaxing)
                0x0000000040219024                ieee80211_output_pbuf
                0x0000000040219294                ieee80211_send_setup
                0x00000000402193c8                ieee80211_mgmt_output
                0x00000000402194b0                ieee80211_tx_mgt_cb
                0x00000000402194b4                ieee80211_send_nulldata
                0x0000000040219924                ieee80211_add_rates
                0x0000000040219974                ieee80211_add_xrates
                0x0000000040219aa4                ieee80211_send_probereq
                0x0000000040219d14                ieee80211_getcapinfo
                0x0000000040219d70                ieee80211_send_mgmt
                0x000000004021a31c                ieee80211_alloc_proberesp
                0x000000004021a584                ieee80211_send_proberesp
                0x000000004021a6cc                ieee80211_alloc_deauth
                0x000000004021a70c                ieee80211_send_deauth
                0x000000004021a848                ieee80211_freedom_output
                0x000000004021ac88                ieee80211_beacon_alloc
 .irom0.text    0x000000004021ae64       0xe0 /opt/esp-open-sdk/sdk/lib/libnet80211.a(ieee80211_phy.o)
                                        0x108 (size before relaxing)
                0x000000004021ae64                ieee80211_phy_init
                0x000000004021ae98                ieee80211_phy_type_get
                0x000000004021aeb4                ieee80211_setup_ratetable
 .irom0.text    0x000000004021af44      0x1b6 /opt/esp-open-sdk/sdk/lib/libnet80211.a(ieee80211_power.o)
                                        0x1f2 (size before relaxing)
                0x000000004021af44                ieee80211_psq_init
                0x000000004021af64                ieee80211_psq_cleanup
                0x000000004021af6c                ieee80211_set_tim
                0x000000004021afac                ieee80211_pwrsave
                0x000000004021b014                pwrsave_flushq
                0x000000004021b0c4                ieee80211_node_pwrsave
 *fill*         0x000000004021b0fa        0x2 
 .irom0.text    0x000000004021b0fc      0x121 /opt/esp-open-sdk/sdk/lib/libnet80211.a(ieee80211_proto.o)
                                        0x159 (size before relaxing)
                0x000000004021b100                ieee80211_proto_attach
                0x000000004021b128                ieee80211_set_shortslottime
                0x000000004021b144                ieee80211_iserp_rateset
                0x000000004021b178                ieee80211_wme_initparams
                0x000000004021b17c                ieee80211_wme_updateparams
                0x000000004021b184                ieee80211_mlme_connect_bss
 *fill*         0x000000004021b21d        0x3 
 .irom0.text    0x000000004021b220      0x1bc /opt/esp-open-sdk/sdk/lib/libnet80211.a(ieee80211_regdomain.o)
                                        0x1dc (size before relaxing)
                0x000000004021b220                ieee80211_regdomain_attach
                0x000000004021b228                ieee80211_regdomain_detach
                0x000000004021b250                ieee80211_alloc_countryie
                0x000000004021b2f0                ieee80211_chan_in_regdomain
                0x000000004021b334                ieee80211_update_regdomain
 .irom0.text    0x000000004021b3dc       0xaa /opt/esp-open-sdk/sdk/lib/libnet80211.a(ieee80211_rfid.o)
                                         0xd6 (size before relaxing)
                0x000000004021b3dc                ieee80211_rfid_locp_recv_open
                0x000000004021b414                ieee80211_rfid_locp_recv_close
                0x000000004021b42c                ieee80211_rfid_locp_recv_reset
                0x000000004021b44c                ieee80211_rfid_locp_recv
                0x000000004021b468                register_ieee80211_rfid_locp_recv_cb
                0x000000004021b47c                unregister_ieee80211_rfid_locp_recv_cb
 *fill*         0x000000004021b486        0x2 
 .irom0.text    0x000000004021b488      0xf4d /opt/esp-open-sdk/sdk/lib/libnet80211.a(ieee80211_scan.o)
                                       0x129d (size before relaxing)
                0x000000004021b494                ieee80211_scan_attach
                0x000000004021b528                scan_start
                0x000000004021b6e8                scan_pm_channel_op_cb
                0x000000004021b888                scan_cancel
                0x000000004021b9e4                scan_add_bssid
                0x000000004021ba08                scan_remove_bssid
                0x000000004021ba14                scan_hidden_ssid
                0x000000004021ba1c                scan_add_probe_ssid
                0x000000004021ba70                scan_remove_probe_ssid
                0x000000004021bbac                scan_clear_channles
                0x000000004021bc20                scan_set_desChan
                0x000000004021bc2c                scan_get_type
                0x000000004021bc34                cannel_scan_connect_state
                0x000000004021bc4c                scan_connect_state
                0x000000004021bc94                scan_check_hidden
                0x000000004021bcc0                scan_profile_check
                0x000000004021c064                scan_parse_beacon
 *fill*         0x000000004021c3d5        0x3 
 .irom0.text    0x000000004021c3d8     0x10f9 /opt/esp-open-sdk/sdk/lib/libnet80211.a(ieee80211_sta.o)
                                       0x139d (size before relaxing)
                0x000000004021c434                sta_status_set
                0x000000004021c4a0                ieee80211_sta_new_state
                0x000000004021c830                sta_input
                0x000000004021cd7c                ieee80211_parse_wmeparams
                0x000000004021d41c                wifi_station_start
                0x000000004021d490                wifi_station_stop
 *fill*         0x000000004021d4d1        0x3 
 .irom0.text    0x000000004021d4d4      0x2aa /opt/esp-open-sdk/sdk/lib/libnet80211.a(wl_chm.o)
                                        0x32e (size before relaxing)
                0x000000004021d4e0                chm_init
                0x000000004021d550                chm_acquire_lock
                0x000000004021d594                chm_release_lock
                0x000000004021d5a8                chm_start_op
                0x000000004021d64c                chm_end_op
                0x000000004021d694                chm_cancel_op
                0x000000004021d6c8                chm_return_home_channel
                0x000000004021d6f8                chm_set_current_channel
                0x000000004021d728                chm_freq2index
                0x000000004021d750                chm_check_same_channel
 *fill*         0x000000004021d77e        0x2 
 .irom0.text    0x000000004021d780     0x193d /opt/esp-open-sdk/sdk/lib/libnet80211.a(wl_cnx.o)
                                       0x1f2d (size before relaxing)
                0x000000004021d78c                cnx_attach
                0x000000004021d7cc                cnx_sta_connect_led_timer_cb
                0x000000004021d820                cnx_sta_connect_cmd
                0x000000004021d8fc                cnx_sta_scan_cmd
                0x000000004021db64                cnx_connect_timeout
                0x000000004021dbe0                cnx_auth_timeout
                0x000000004021dc04                cnx_assoc_timeout
                0x000000004021dc28                cnx_handshake_timeout
                0x000000004021dc68                cnx_start_handoff_cb
                0x000000004021de00                cnx_csa_fn
                0x000000004021e20c                cnx_bss_alloc
                0x000000004021e2ac                cnx_rc_search
                0x000000004021e32c                cnx_add_rc
                0x000000004021e398                cnx_remove_all_rc
                0x000000004021e3e4                cnx_remove_rc
                0x000000004021e4b4                cnx_rc_update_rssi
                0x000000004021e53c                cnx_rc_update_state_metric
                0x000000004021e5a8                cnx_rc_update_age
                0x000000004021e5cc                cnx_update_bss
                0x000000004021e600                cnx_update_bss_more
                0x000000004021e7ec                cnx_sta_leave
                0x000000004021ea80                cnx_sta_associated
                0x000000004021eb88                cnx_node_alloc
                0x000000004021ebfc                cnx_node_remove
                0x000000004021ec88                cnx_node_search
                0x000000004021ed04                cnx_node_leave
                0x000000004021ee04                wifi_softap_staconnected_event_policy
                0x000000004021ee2c                wifi_softap_toomany_deny
                0x000000004021ee68                cnx_node_join
 *fill*         0x000000004021f0bd        0x3 
 .irom0.text    0x000000004021f0c0      0x16f /opt/esp-open-sdk/sdk/lib/libnet80211.a(ieee80211_action.o)
                                        0x193 (size before relaxing)
                0x000000004021f0d0                ieee80211_send_action_register
                0x000000004021f104                ieee80211_send_action_unregister
                0x000000004021f118                ieee80211_send_action
                0x000000004021f184                ieee80211_recv_action_register
                0x000000004021f1b8                ieee80211_recv_action_unregister
                0x000000004021f1cc                ieee80211_recv_action
 *fill*         0x000000004021f22f        0x1 
 .irom0.text    0x000000004021f230      0x568 /opt/esp-open-sdk/sdk/lib/libnet80211.a(ieee80211_action_vendor.o)
                                        0x5fc (size before relaxing)
                0x000000004021f230                ieee80211_avs_fetch_key_idx
                0x000000004021f284                ieee80211_avs_clear_key_idx
                0x000000004021f2ac                get_iav_key
                0x000000004021f2d0                register_ieee80211_action_vendor_get_key_cb
                0x000000004021f2e8                unregister_ieee80211_action_vendor_get_key_cb
                0x000000004021f2fc                ieee80211_add_action_vendor_spec_esp
                0x000000004021f340                ieee80211_alloc_action_vendor_spec
                0x000000004021f430                ieee80211_send_action_vendor_spec
                0x000000004021f5e0                ieee80211_recv_action_vendor_spec
                0x000000004021f73c                ieee80211_action_vendor_spec_attach
                0x000000004021f774                register_ieee80211_action_vendor_spec_cb
                0x000000004021f78c                unregister_ieee80211_action_vendor_spec_cb
 .irom0.text    0x000000004021f798      0x15d /opt/esp-open-sdk/sdk/lib/libnet80211.a(ieee80211_crypto_ccmp.o)
                                        0x165 (size before relaxing)
 *fill*         0x000000004021f8f5        0x3 
 .irom0.text    0x000000004021f8f8      0x24d /opt/esp-open-sdk/sdk/lib/libnet80211.a(ieee80211_ie_vendor.o)
                                        0x26d (size before relaxing)
                0x000000004021f8fc                ieee80211_add_ie_vendor_esp_head
                0x000000004021f934                ieee80211_add_ie_vendor_esp_mesh_assoc
                0x000000004021f9b8                ieee80211_add_ie_vendor_esp_mesh_group
                0x000000004021f9ec                ieee80211_add_ie_vendor_esp_simple_pair
                0x000000004021fa48                ieee80211_add_ie_vendor_esp_freq_annon
                0x000000004021fa80                ieee80211_add_ie_vendor_esp_now
                0x000000004021fab8                ieee80211_add_ie_vendor_esp_ssid
                0x000000004021faf8                ieee80211_add_ie_vendor_esp_manufacturer
 *fill*         0x000000004021fb45        0x3 
 .irom0.text    0x000000004021fb48     0x13f0 /opt/Sming/Sming/compiler/lib//liblwip_open.a(dhcp.o)
                                       0x15d8 (size before relaxing)
                0x0000000040220904                dhcp_set_struct
                0x0000000040220930                dhcp_cleanup
                0x0000000040220958                dhcp_inform
                0x0000000040220a04                dhcp_network_changed
                0x0000000040220a50                dhcp_arp_reply
                0x0000000040220b00                dhcp_renew
                0x0000000040220be4                dhcp_coarse_tmr
                0x0000000040220c70                dhcp_release
                0x0000000040220d40                dhcp_fine_tmr
                0x0000000040220e38                dhcp_stop
                0x0000000040220e74                dhcp_start
 .irom0.text    0x0000000040220f38      0x5c3 /opt/Sming/Sming/compiler/lib//liblwip_open.a(dns.o)
                                        0x677 (size before relaxing)
                0x000000004022133c                dns_setserver
                0x0000000040221364                dns_init
                0x00000000402213a8                dns_getserver
                0x00000000402213c0                dns_tmr
                0x00000000402213f0                dns_gethostbyname
 *fill*         0x00000000402214fb        0x1 
 .irom0.text    0x00000000402214fc       0x51 /opt/Sming/Sming/compiler/lib//liblwip_open.a(init.o)
                                         0x71 (size before relaxing)
                0x000000004022150c                lwip_init
 *fill*         0x000000004022154d        0x3 
 .irom0.text    0x0000000040221550      0x280 /opt/Sming/Sming/compiler/lib//liblwip_open.a(netif.o)
                                        0x2dc (size before relaxing)
                0x0000000040221550                netif_init
                0x0000000040221554                netif_find
                0x0000000040221588                netif_set_ipaddr
                0x00000000402215f4                netif_set_addr
                0x0000000040221628                netif_add
                0x000000004022169c                netif_set_gw
                0x00000000402216a4                netif_set_netmask
                0x00000000402216ac                netif_set_default
                0x00000000402216b4                netif_set_up
                0x00000000402216f0                netif_set_down
                0x0000000040221710                netif_remove
                0x0000000040221778                netif_set_link_up
                0x00000000402217c0                netif_set_link_down
 .irom0.text    0x00000000402217d0      0x778 /opt/Sming/Sming/compiler/lib//liblwip_open.a(pbuf.o)
                                        0x7bc (size before relaxing)
                0x00000000402217d0                pbuf_free_ooseq_new
                0x000000004022182c                pbuf_header
                0x00000000402218bc                pbuf_free
                0x000000004022195c                pbuf_alloc
                0x0000000040221afc                pbuf_realloc
                0x0000000040221b48                pbuf_clen
                0x0000000040221b5c                pbuf_ref
                0x0000000040221b68                pbuf_cat
                0x0000000040221b9c                pbuf_chain
                0x0000000040221bb8                pbuf_dechain
                0x0000000040221bf0                pbuf_copy
                0x0000000040221cb4                pbuf_copy_partial
                0x0000000040221d48                pbuf_take
                0x0000000040221dbc                pbuf_coalesce
                0x0000000040221dfc                pbuf_get_at
                0x0000000040221e20                pbuf_memcmp
                0x0000000040221e9c                pbuf_memfind
                0x0000000040221f00                pbuf_strstr
 .irom0.text    0x0000000040221f48      0xb3f /opt/Sming/Sming/compiler/lib//liblwip_open.a(tcp.o)
                                        0xc8b (size before relaxing)
                0x0000000040221f48                tcp_bind
                0x0000000040221fd0                tcp_listen_with_backlog
                0x0000000040222094                tcp_update_rcv_ann_wnd
                0x00000000402220e0                tcp_recved
                0x0000000040222138                tcp_seg_free
                0x0000000040222168                tcp_segs_free
                0x0000000040222188                tcp_setprio
                0x0000000040222190                tcp_seg_copy
                0x00000000402221d4                tcp_arg
                0x00000000402221d8                tcp_recv
                0x00000000402221e0                tcp_sent
                0x00000000402221e8                tcp_err
                0x00000000402221f0                tcp_accept
                0x00000000402221f4                tcp_poll
                0x00000000402221fc                tcp_pcb_purge
                0x000000004022225c                tcp_slowtmr
                0x0000000040222510                tcp_pcb_remove
                0x000000004022257c                tcp_close
                0x00000000402225a4                tcp_recv_null
                0x00000000402225dc                tcp_fasttmr
                0x0000000040222670                tcp_tmr
                0x0000000040222694                tcp_shutdown
                0x00000000402226f8                tcp_abandon
                0x00000000402227a0                tcp_abort
                0x00000000402227b8                tcp_next_iss
                0x00000000402227d8                tcp_alloc
                0x0000000040222930                tcp_new
                0x0000000040222944                tcp_eff_send_mss
                0x0000000040222978                tcp_connect
 *fill*         0x0000000040222a87        0x1 
 .irom0.text    0x0000000040222a88      0xf4f /opt/Sming/Sming/compiler/lib//liblwip_open.a(tcp_out.o)
                                       0x105b (size before relaxing)
                0x0000000040222c80                tcp_write
                0x0000000040222fa0                tcp_enqueue_flags
                0x0000000040223060                tcp_send_fin
                0x00000000402230ac                tcp_send_empty_ack
                0x0000000040223148                tcp_output
                0x000000004022356c                tcp_rst
                0x00000000402236b0                tcp_rexmit_rto
                0x0000000040223734                tcp_rexmit
                0x00000000402237e0                tcp_rexmit_fast
                0x0000000040223844                tcp_keepalive
                0x00000000402238c8                tcp_zero_window_probe
 *fill*         0x00000000402239d7        0x1 
 .irom0.text    0x00000000402239d8      0x287 /opt/Sming/Sming/compiler/lib//liblwip_open.a(timers.o)
                                        0x313 (size before relaxing)
                0x00000000402239e0                sys_timeout
                0x0000000040223a70                tcp_timer_needed
                0x0000000040223ae0                sys_timeouts_init
                0x0000000040223b6c                sys_untimeout
                0x0000000040223bc4                sys_check_timeouts
                0x0000000040223c50                sys_restart_timeouts
 *fill*         0x0000000040223c5f        0x1 
 .irom0.text    0x0000000040223c60      0x50c /opt/Sming/Sming/compiler/lib//liblwip_open.a(udp.o)
                                        0x58c (size before relaxing)
                0x0000000040223c6c                udp_input
                0x0000000040223e3c                udp_bind
                0x0000000040223eb8                udp_sendto_if
                0x0000000040224000                udp_sendto
                0x0000000040224054                udp_send
                0x0000000040224070                udp_connect
                0x00000000402240d8                udp_disconnect
                0x00000000402240ec                udp_recv
                0x00000000402240f8                udp_remove
                0x0000000040224134                udp_new
 .irom0.text    0x000000004022416c      0x220 /opt/Sming/Sming/compiler/lib//liblwip_open.a(icmp.o)
                                        0x2a8 (size before relaxing)
                0x000000004022416c                icmp_input
                0x00000000402242e4                icmp_dest_unreach
 .irom0.text    0x000000004022438c      0x5b6 /opt/Sming/Sming/compiler/lib//liblwip_open.a(igmp.o)
                                        0x636 (size before relaxing)
                0x0000000040224528                igmp_init
                0x000000004022453c                igmp_stop
                0x00000000402245a8                igmp_report_groups
                0x00000000402245d8                igmp_lookfor_group
                0x00000000402245f4                igmp_start
                0x0000000040224650                igmp_input
                0x0000000040224770                igmp_joingroup
                0x0000000040224830                igmp_leavegroup
                0x0000000040224908                igmp_tmr
 *fill*         0x0000000040224942        0x2 
 .irom0.text    0x0000000040224944      0x388 /opt/Sming/Sming/compiler/lib//liblwip_open.a(ip_addr.o)
                                        0x3ac (size before relaxing)
                0x0000000040224944                ip4_addr_isbroadcast
                0x000000004022497c                ip4_addr_netmask_valid
                0x00000000402249cc                ipaddr_aton
                0x0000000040224bc0                ipaddr_addr
                0x0000000040224bdc                ipaddr_ntoa_r
                0x0000000040224cb8                ipaddr_ntoa
 .irom0.text    0x0000000040224ccc      0x5c2 /opt/Sming/Sming/compiler/lib//liblwip_open.a(ip.o)
                                        0x662 (size before relaxing)
                0x0000000040224ccc                ip_route
                0x0000000040224d44                ip_router
                0x0000000040224da8                ip_input
                0x0000000040225008                ip_output_if_opt
                0x0000000040225218                ip_output_if
                0x0000000040225240                ip_output
 *fill*         0x000000004022528e        0x2 
 .irom0.text    0x0000000040225290      0x8ad /opt/Sming/Sming/compiler/lib//liblwip_open.a(etharp.o)
                                        0x9b1 (size before relaxing)
                0x000000004022542c                etharp_tmr
                0x0000000040225484                etharp_cleanup_netif
                0x00000000402254c0                etharp_find_addr
                0x0000000040225510                etharp_request
                0x0000000040225658                etharp_query
                0x00000000402257f8                etharp_output
                0x00000000402258f0                ethernet_input
 *fill*         0x0000000040225b3d        0x3 
 .irom0.text    0x0000000040225b40      0xbfb /opt/Sming/Sming/compiler/lib//liblwip_open.a(dhcpserver.o)
                                        0xd97 (size before relaxing)
                0x0000000040225d38                node_insert_to_list
                0x0000000040225d74                node_remove_from_list
                0x00000000402262b8                dhcps_start
                0x000000004022643c                dhcps_stop
                0x00000000402264a8                wifi_softap_set_dhcps_lease
                0x0000000040226594                wifi_softap_get_dhcps_lease
                0x00000000402265dc                dhcps_coarse_tmr
                0x0000000040226698                wifi_softap_set_dhcps_offer_option
                0x00000000402266d8                wifi_softap_set_dhcps_lease_time
                0x0000000040226708                wifi_softap_reset_dhcps_lease_time
                0x0000000040226734                wifi_softap_get_dhcps_lease_time
 *fill*         0x000000004022673b        0x1 
 .irom0.text    0x000000004022673c      0x1f5 /opt/Sming/Sming/compiler/lib//liblwip_open.a(raw.o)
                                        0x241 (size before relaxing)
                0x0000000040226740                raw_input
                0x00000000402267c8                raw_bind
                0x00000000402267d4                raw_connect
                0x00000000402267e0                raw_recv
                0x00000000402267e8                raw_sendto
                0x000000004022688c                raw_send
                0x00000000402268a8                raw_remove
                0x00000000402268e4                raw_new
 *fill*         0x0000000040226931        0x3 
 .irom0.text    0x0000000040226934     0x13bf /opt/Sming/Sming/compiler/lib//liblwip_open.a(tcp_in.o)
                                       0x158f (size before relaxing)
                0x000000004022734c                tcp_input
 *fill*         0x0000000040227cf3        0x1 
 .irom0.text    0x0000000040227cf4      0x2aa /opt/esp-open-sdk/sdk/lib/libwpa.a(ap_config.o)
                                        0x2ee (size before relaxing)
                0x0000000040227cf8                hostapd_config_defaults_bss
                0x0000000040227d44                hostapd_config_defaults
                0x0000000040227dc8                hostapd_mac_comp
                0x0000000040227ddc                hostapd_mac_comp_empty
                0x0000000040227e48                hostapd_setup_wpa_psk
                0x0000000040227e78                hostapd_wep_key_cmp
                0x0000000040227ec8                hostapd_maclist_found
                0x0000000040227f30                hostapd_rate_found
                0x0000000040227f4c                hostapd_get_psk
 *fill*         0x0000000040227f9e        0x2 
 .irom0.text    0x0000000040227fa0      0x2b6 /opt/esp-open-sdk/sdk/lib/libwpa.a(common.o)
                                        0x302 (size before relaxing)
                0x0000000040227fa0                inc_byte_array
                0x0000000040227ff4                hex2byte
                0x0000000040228028                hexstr2bin
                0x0000000040228074                wpa_get_ntp_timestamp
                0x000000004022810c                wpa_config_parse_string
                0x0000000040228210                dup_binstr
 *fill*         0x0000000040228256        0x2 
 .irom0.text    0x0000000040228258       0xcc /opt/esp-open-sdk/sdk/lib/libwpa.a(os_xtensa.o)
                                         0xdc (size before relaxing)
                0x000000004022825c                ets_strdup
                0x00000000402282a0                os_get_time
                0x00000000402282a4                r_rand
                0x00000000402282b8                os_random
                0x00000000402282c8                os_get_random
 .irom0.text    0x0000000040228324     0x1c86 /opt/esp-open-sdk/sdk/lib/libwpa.a(wpa_auth.o)
                                       0x1f66 (size before relaxing)
                0x0000000040228470                wpa_auth_for_each_sta
                0x00000000402285f0                wpa_init
                0x0000000040228680                wpa_auth_sta_init
                0x00000000402286c8                wpa_auth_sta_associated
                0x0000000040228734                wpa_auth_sta_no_wpa
                0x0000000040228790                wpa_auth_sta_deinit
                0x0000000040228860                wpa_receive
                0x0000000040228cc4                __wpa_send_eapol
                0x00000000402291e8                wpa_remove_ptk
                0x0000000040229234                wpa_auth_sm_event
 *fill*         0x0000000040229faa        0x2 
 .irom0.text    0x0000000040229fac      0x582 /opt/esp-open-sdk/sdk/lib/libwpa.a(wpa_auth_ie.o)
                                        0x5f6 (size before relaxing)
                0x000000004022a070                wpa_write_rsn_ie
                0x000000004022a17c                wpa_auth_gen_wpa_ie
                0x000000004022a20c                wpa_add_kde
                0x000000004022a278                wpa_validate_wpa_ie
                0x000000004022a484                wpa_parse_kde_ies
                0x000000004022a520                wpa_auth_uses_mfp
 *fill*         0x000000004022a52e        0x2 
 .irom0.text    0x000000004022a530     0x14d0 /opt/esp-open-sdk/sdk/lib/libwpa.a(wpa.o)
                                       0x1708 (size before relaxing)
                0x000000004022b4bc                wpa_sm_rx_eapol
                0x000000004022b634                wpa_register
                0x000000004022b660                wpa_set_profile
                0x000000004022b678                wpa_set_pmk
                0x000000004022b6a4                wpa_set_bss
                0x000000004022b8a8                pp_michael_mic_failure
                0x000000004022b94c                eapol_txcb
                0x000000004022b9d8                wpa_sm_set_state
 .irom0.text    0x000000004022ba00      0x76a /opt/esp-open-sdk/sdk/lib/libwpa.a(wpa_common.o)
                                        0x7fa (size before relaxing)
                0x000000004022bb48                wpa_parse_wpa_ie_rsn
                0x000000004022bcdc                wpa_parse_wpa_ie_wpa
                0x000000004022be6c                wpa_eapol_key_mic
                0x000000004022beac                wpa_compare_rsn_ie
                0x000000004022bed4                wpa_pmk_to_ptk
                0x000000004022bfc4                rsn_pmkid
                0x000000004022c020                wpa_cipher_key_len
                0x000000004022c044                wpa_cipher_to_alg
                0x000000004022c06c                wpa_cipher_to_suite
                0x000000004022c0c0                rsn_cipher_put_suites
                0x000000004022c120                wpa_cipher_put_suites
 *fill*         0x000000004022c16a        0x2 
 .irom0.text    0x000000004022c16c       0xa8 /opt/esp-open-sdk/sdk/lib/libwpa.a(wpa_debug.o)
                                         0xac (size before relaxing)
                0x000000004022c1e4                wpa_snprintf_hex_uppercase
                0x000000004022c1f8                wpa_snprintf_hex
                0x000000004022c20c                eloop_cancel_timeout
                0x000000004022c210                eloop_register_timeout
 .irom0.text    0x000000004022c214      0x325 /opt/esp-open-sdk/sdk/lib/libwpa.a(wpa_ie.o)
                                        0x341 (size before relaxing)
                0x000000004022c214                wpa_parse_wpa_ie
                0x000000004022c308                wpa_supplicant_parse_ies
                0x000000004022c508                wpa_gen_wpa_ie
 *fill*         0x000000004022c539        0x3 
 .irom0.text    0x000000004022c53c      0x420 /opt/esp-open-sdk/sdk/lib/libwpa.a(wpa_main.o)
                                        0x538 (size before relaxing)
                0x000000004022c540                ppInstallKey
                0x000000004022c6d0                wpa_config_profile
                0x000000004022c704                wpa_config_bss
                0x000000004022c734                wpa_config_assoc_ie
                0x000000004022c748                dhcp_bind_check
                0x000000004022c77c                eagle_auth_done
                0x000000004022c8fc                wpa_neg_complete
                0x000000004022c924                wpa_attach
 .irom0.text    0x000000004022c95c       0xd6 /opt/esp-open-sdk/sdk/lib/libwpa.a(wpas_glue.o)
                                         0xe2 (size before relaxing)
                0x000000004022c9cc                wpa_sm_alloc_eapol
                0x000000004022ca0c                wpa_sm_deauthenticate
                0x000000004022ca28                wpa_sm_mlme_setprotection
                0x000000004022ca2c                wpa_sm_get_beacon_ie
                0x000000004022ca30                wpa_sm_disassociate
 *fill*         0x000000004022ca32        0x2 
 .irom0.text    0x000000004022ca34       0xdf /opt/esp-open-sdk/sdk/lib/libwpa.a(aes-wrap.o)
                                        0x103 (size before relaxing)
                0x000000004022ca34                aes_wrap
 *fill*         0x000000004022cb13        0x1 
 .irom0.text    0x000000004022cb14      0x4b7 /opt/esp-open-sdk/sdk/lib/libwpa.a(aes-internal-enc.o)
                                        0x4df (size before relaxing)
                0x000000004022cb18                rijndaelEncrypt
                0x000000004022cf34                aes_encrypt_init
                0x000000004022cf88                aes_encrypt
                0x000000004022cfa0                aes_encrypt_deinit
 *fill*         0x000000004022cfcb        0x1 
 .irom0.text    0x000000004022cfcc      0x304 /opt/esp-open-sdk/sdk/lib/libwpa.a(aes-internal.o)
                                        0x31c (size before relaxing)
                0x000000004022cfd0                rijndaelKeySetupEnc
 .irom0.text    0x000000004022d2d0      0x135 /opt/Sming/Sming/compiler/lib//libmicrogcc.a(_divsf3.o)
                0x000000004022d34c                __divsf3
 *fill*         0x000000004022d405        0x3 
 .irom0.text    0x000000004022d408      0x187 /opt/esp-open-sdk/sdk/lib/libnet80211.a(ieee80211_crypto_tkip.o)
                                        0x197 (size before relaxing)
 *fill*         0x000000004022d58f        0x1 
 .irom0.text    0x000000004022d590       0x78 /opt/esp-open-sdk/sdk/lib/libnet80211.a(ieee80211_crypto_wep.o)
                                         0x7c (size before relaxing)
 .irom.text     0x000000004022d608       0xe7 /opt/Sming/Sming/compiler/lib//libsming.a(crash_handler.o)
 *fill*         0x000000004022d6ef        0x1 
 .irom.debug.0119
                0x000000004022d6f0       0x1b /opt/Sming/Sming/compiler/lib//libsming.a(FakePgmSpace.o)
 *fill*         0x000000004022d70b        0x0 
 *fill*         0x000000004022d70b        0x1 
 .irom.text     0x000000004022d70c      0x290 /opt/Sming/Sming/compiler/lib//libsming.a(gdbstub.o)
 .irom.debug.043
                0x000000004022d99c       0x23 /opt/Sming/Sming/compiler/lib//libsming.a(esp_cplusplus.o)
 *fill*         0x000000004022d9bf        0x0 
 *fill*         0x000000004022d9bf        0x1 
 .irom.text     0x000000004022d9c0      0x2d5 out/build/libmain2.a(user_interface.o)
                0x000000004022d9e0                default_ssid
 *fill*         0x000000004022dc95        0x0 
 *fill*         0x000000004022dc95        0xb 
 .irom.text     0x000000004022dca0      0x510 out/build/libmain2.a(app_main.o)
 *fill*         0x000000004022e1b0        0x0 
 .irom.text     0x000000004022e1b0       0x63 out/build/libmain2.a(eagle_lwip_if.o)
 *fill*         0x000000004022e213        0x0 
 *fill*         0x000000004022e213        0xd 
 .irom.text     0x000000004022e220      0x14c out/build/libmain2.a(ets_timer.o)
 *fill*         0x000000004022e36c        0x4 
 .irom.text     0x000000004022e370       0x11 out/build/libmain2.a(mem_manager.o)
 *fill*         0x000000004022e381        0xf 
 .irom.text     0x000000004022e390      0x12f out/build/libmain2.a(spi_flash.o)
 *fill*         0x000000004022e4bf        0x1 
 .irom0.text    0x000000004022e4c0       0x4f /opt/Sming/Sming/compiler/lib//libmicroc.a(__fpclassify.o)
                0x000000004022e4c0                __fpclassify
                0x000000004022e500                __fpclassifyd
 *fill*         0x000000004022e50f        0x0 
 *fill*         0x000000004022e50f        0x0 
 *fill*         0x000000004022e50f        0x0 
 *fill*         0x000000004022e50f        0x0 
 *fill*         0x000000004022e50f        0x1 
 .irom.text     0x000000004022e510       0x65 /opt/esp-open-sdk/sdk/lib/libphy.a(phy_chip_v6_ana.o)
 *fill*         0x000000004022e575        0x0 
 *fill*         0x000000004022e575        0xb 
 .irom.text     0x000000004022e580      0x14c /opt/esp-open-sdk/sdk/lib/libphy.a(phy_chip_v6.o)
 *fill*         0x000000004022e6cc        0x4 
 .irom.text     0x000000004022e6d0      0x1f4 /opt/esp-open-sdk/sdk/lib/libphy.a(phy_chip_v6_cal.o)
 .irom0.text    0x000000004022e8c4        0xc /opt/esp-open-sdk/sdk/lib/libphy.a(phy_chip_v6_unused.o)
                0x000000004022e8c4                chip_v6_set_sense
                0x000000004022e8c8                chip_v6_get_sense
                0x000000004022e8cc                chip_v6_unset_chanfreq
 *fill*         0x000000004022e8d0        0x0 
 *fill*         0x000000004022e8d0        0x0 
 .irom.text     0x000000004022e8d0       0x50 /opt/esp-open-sdk/sdk/lib/libpp.a(if_hwctrl.o)
 *fill*         0x000000004022e920        0x0 
 .irom.text     0x000000004022e920       0x2f /opt/esp-open-sdk/sdk/lib/libpp.a(lmac.o)
 *fill*         0x000000004022e94f        0x0 
 *fill*         0x000000004022e94f        0x1 
 .irom.text     0x000000004022e950      0x16d /opt/esp-open-sdk/sdk/lib/libpp.a(pm.o)
 *fill*         0x000000004022eabd        0x0 
 *fill*         0x000000004022eabd        0x3 
 .irom.text     0x000000004022eac0      0x118 /opt/esp-open-sdk/sdk/lib/libpp.a(pm_for_bcn_only_mode.o)
 *fill*         0x000000004022ebd8        0x8 